{"level":"info","message":"Contact email sent successfully from testing@Gmail.com","timestamp":"2026-03-20 07:22:29"}
{"level":"info","message":"Booking email sent successfully from testing@gmail.com","timestamp":"2026-03-20 07:23:02"}
{"level":"info","message":"Booking email sent successfully from Vs.sangeetha6@gmail.com","timestamp":"2026-03-20 15:05:17"}
{"level":"info","message":"Booking email sent successfully from viswanimalan@gmail.com","timestamp":"2026-03-21 13:33:07"}
{"level":"info","message":"Girls Room Booking enquiry received from test, phone: 8778832225","timestamp":"2026-03-21 13:38:31"}
{"level":"info","message":"Boys Room Booking enquiry received from test, phone: 8778832225","timestamp":"2026-03-21 13:39:15"}
{"level":"info","message":"Contact email sent successfully from testingtechnox@gmail.com","timestamp":"2026-03-21 13:40:20"}
{"level":"info","message":"Booking email sent successfully from rikitakopparapu@gmail.com","timestamp":"2026-03-21 14:09:45"}
{"level":"info","message":"Contact email sent successfully from ms.anitarego@gmail.com","timestamp":"2026-03-21 20:18:45"}
{"level":"info","message":"Booking email sent successfully from shraddha.skas@gmail.com","timestamp":"2026-03-23 11:59:38"}
{"level":"info","message":"Booking email sent successfully from Vs.sangeetha6@gmail.com","timestamp":"2026-03-24 18:10:50"}
{"level":"info","message":"Booking email sent successfully from nithinkumarmp69@gmail.com","timestamp":"2026-03-26 05:15:43"}
{"level":"info","message":"Contact email sent successfully from nithinkumarmp69@gmail.com","timestamp":"2026-03-26 05:17:48"}
{"level":"info","message":"Booking email sent successfully from nakshatira.0110@gmail.com","timestamp":"2026-04-01 06:04:18"}
{"level":"info","message":"Contact email sent successfully from hm@melottogroup.com","timestamp":"2026-04-04 13:22:59"}
{"level":"info","message":"Contact email sent successfully from hm@melottogroup.com","timestamp":"2026-04-04 13:23:12"}
{"level":"info","message":"Booking email sent successfully from annmaryajit@gmail.com","timestamp":"2026-04-04 19:22:24"}
{"level":"info","message":"Contact email sent successfully from mohammedkhanzaki@gmail.com","timestamp":"2026-04-06 08:03:54"}
{"level":"info","message":"Booking email sent successfully from dorthysalwan@gmail.com","timestamp":"2026-04-09 20:11:40"}
{"level":"info","message":"Booking email sent successfully from bandbrajeshvlr@gmail.com","timestamp":"2026-04-10 09:35:09"}
{"level":"info","message":"Booking email sent successfully from jyots_sidhu@yahoo.com","timestamp":"2026-04-11 07:41:11"}
{"level":"info","message":"Contact email sent successfully from abhiu1412@gmail.com","timestamp":"2026-04-11 09:41:20"}
{"level":"info","message":"Contact email sent successfully from sophie@sendproud.com","timestamp":"2026-04-12 06:23:52"}
{"level":"info","message":"Contact email sent successfully from sophie@sendproud.com","timestamp":"2026-04-12 06:24:04"}
{"level":"info","message":"Booking email sent successfully from soudipdas757@gmail.com","timestamp":"2026-04-12 21:40:33"}
{"level":"info","message":"Contact email sent successfully from raiscryingg.jy@gmail.com","timestamp":"2026-04-18 05:50:43"}
{"level":"info","message":"Booking email sent successfully from raiscryingg.jy@gmail.com","timestamp":"2026-04-18 06:16:05"}
{"level":"info","message":"Booking email sent successfully from vasavikannan2004@gmail.com","timestamp":"2026-04-19 14:11:13"}
{"level":"info","message":"Booking email sent successfully from aishemanju2001@gmail.com","timestamp":"2026-04-19 14:24:22"}
{"level":"info","message":"Girls Room Booking enquiry received from Mayank Garg, phone: 9650520222","timestamp":"2026-04-21 05:44:03"}
{"level":"info","message":"Booking email sent successfully from cherryrocking262008@gmail.com","timestamp":"2026-04-21 09:17:02"}
{"level":"info","message":"Booking email sent successfully from akashvpawar18@gmail.com","timestamp":"2026-04-21 21:15:07"}
{"level":"info","message":"Booking email sent successfully from arunarunthathi807@gmail.com","timestamp":"2026-04-22 09:50:03"}
{"level":"info","message":"Booking email sent successfully from rama.cept@gmail.com","timestamp":"2026-04-23 05:55:00"}
{"level":"info","message":"Contact email sent successfully from nehaannjoy123@gmail.com","timestamp":"2026-04-23 10:32:03"}
{"level":"info","message":"Booking email sent successfully from nehaannjoy123@gmail.com","timestamp":"2026-04-23 14:25:49"}
{"level":"info","message":"Contact email sent successfully from nehaannjoy123@gmail.com","timestamp":"2026-04-23 14:30:40"}
{"level":"info","message":"Booking email sent successfully from nehaannjoy123@gmail.com","timestamp":"2026-04-23 14:31:09"}
{"level":"info","message":"Booking email sent successfully from pearlgiel211@gmail.con","timestamp":"2026-04-23 16:28:08"}
{"level":"info","message":"Contact email sent successfully from shreelabs2014@gmail.com","timestamp":"2026-04-24 02:50:03"}
{"level":"info","message":"Booking email sent successfully from m.satheshkumar@gmail.com","timestamp":"2026-04-24 05:54:14"}
{"level":"info","message":"Contact email sent successfully from sathesh@gmail.com","timestamp":"2026-04-24 06:04:22"}
{"level":"info","message":"Booking email sent successfully from sujageorjee@gmail.com","timestamp":"2026-04-26 07:15:45"}
{"level":"info","message":"Contact email sent successfully from sathesh@gmail.com","timestamp":"2026-04-27 06:37:04"}
{"level":"info","message":"Booking email sent successfully from jkkjh@gmail.com","timestamp":"2026-04-27 06:38:32"}
{"level":"info","message":"Contact email sent successfully from msk@gmail.com","timestamp":"2026-04-27 06:39:56"}
{"level":"info","message":"Contact email sent successfully from sathesh@gmail.com","timestamp":"2026-04-27 06:43:07"}
{"level":"info","message":"Booking email sent successfully from sathesh@gmail.com","timestamp":"2026-04-27 06:43:57"}
{"level":"info","message":"Booking email sent successfully from chiranth0907@gmail.com","timestamp":"2026-04-27 07:47:50"}
{"level":"info","message":"Girls Room Booking enquiry received from Sophy Ann Xavier, phone: 9497835880","timestamp":"2026-04-27 09:28:17"}
{"level":"info","message":"Booking email sent successfully from Vs.sangeetha6@gmail.com","timestamp":"2026-04-30 11:33:41"}
{"level":"info","message":"Booking email sent successfully from zachariahhh.888@gmail.com","timestamp":"2026-05-01 07:23:38"}
{"level":"info","message":"Booking email sent successfully from christopherclement1912@gmail.com","timestamp":"2026-05-01 19:51:53"}
{"level":"info","message":"Booking email sent successfully from sophie@sendproud.com","timestamp":"2026-05-03 02:49:38"}
{"level":"info","message":"Booking email sent successfully from nimitkedia08@gmail.com","timestamp":"2026-05-05 08:00:47"}
{"level":"info","message":"Booking email sent successfully from sumanmittal16@gmail.com","timestamp":"2026-05-05 16:08:50"}
{"level":"info","message":"Contact email sent successfully from amanc2xi@gmail.com","timestamp":"2026-05-06 21:08:37"}
{"level":"info","message":"Girls Room Booking enquiry received from rasneet singh waraich, phone: 8909558402","timestamp":"2026-05-08 06:46:43"}
{"level":"info","message":"Booking email sent successfully from kanishkkaramasamy@gmail.com","timestamp":"2026-05-08 15:33:14"}
{"level":"info","message":"Booking email sent successfully from neha.sisodia1029@gmail.com","timestamp":"2026-05-10 23:55:57"}
{"level":"info","message":"Booking email sent successfully from sampurnadebnath08@gmail.com","timestamp":"2026-05-11 17:55:33"}
{"level":"info","message":"Booking email sent successfully from kashish177710@gmail.com","timestamp":"2026-05-12 16:36:04"}
{"level":"info","message":"Booking email sent successfully from 2403717620521020@cit.edu.in","timestamp":"2026-05-13 06:46:18"}
{"level":"info","message":"Booking email sent successfully from freejojaison555@gmail.com","timestamp":"2026-05-13 13:05:28"}
{"level":"info","message":"Booking email sent successfully from poonthugilansa2009@gmail.com","timestamp":"2026-05-14 03:18:49"}
